[html.hixstudio.net/uncut-pv/index.html]
[backblue.gif]
[fade.gif]
[index.html]
[html.hixstudio.net/uncut-pv/assets/img/logo/favicon.png]
[html.hixstudio.net/uncut-pv/assets/css/swiper-bundle.css]
[html.hixstudio.net/uncut-pv/assets/img/logo/logo.png]
[html.hixstudio.net/uncut-pv/assets/css/main.css]
[html.hixstudio.net/uncut-pv/assets/img/hero/bg.jpg]
[html.hixstudio.net/uncut-pv/assets/img/hero/hero-envato.png]
[html.hixstudio.net/uncut-pv/assets/img/hero/section.png]
[html.hixstudio.net/uncut-pv/assets/img/hero/slide/thumb.jpg]
[html.hixstudio.net/uncut-pv/assets/img/hero/slide/thumb-2.jpg]
[html.hixstudio.net/uncut-pv/assets/img/hero/slide/thumb-3.jpg]
[html.hixstudio.net/uncut-pv/assets/img/hero/slide/thumb-4.jpg]
[html.hixstudio.net/uncut-pv/assets/img/hero/slide/thumb-5.jpg]
[html.hixstudio.net/uncut-pv/assets/img/hero/slide/thumb-6.jpg]
[html.hixstudio.net/uncut-pv/assets/img/hero/slide/thumb-7.jpg]
[html.hixstudio.net/uncut-pv/assets/img/hero/slide/thumb-8.jpg]
[html.hixstudio.net/uncut-pv/assets/img/hero/slide/thumb-9.jpg]
[html.hixstudio.net/uncut-pv/assets/img/hero/slide/thumb-10.jpg]
[html.hixstudio.net/uncut-pv/assets/img/feature/speed-test.png]
[html.hixstudio.net/uncut-pv/assets/img/feature/bootstrap.png]
[html.hixstudio.net/uncut-pv/assets/img/feature/code.png]
[html.hixstudio.net/uncut-pv/assets/img/feature/rgb.png]
[html.hixstudio.net/uncut-pv/assets/img/demo/male.png]
[html.hixstudio.net/uncut-pv/uncut/medical/index.html]
[html.hixstudio.net/uncut-pv/assets/img/demo/demo.jpg]
[html.hixstudio.net/uncut-pv/uncut/corporate/index.html]
[html.hixstudio.net/uncut-pv/assets/img/demo/demo-2.jpg]
[html.hixstudio.net/uncut-pv/uncut/beauti-salon/index.html]
[html.hixstudio.net/uncut-pv/assets/img/demo/demo-3.jpg]
[html.hixstudio.net/uncut-pv/uncut/pizza/index.html]
[html.hixstudio.net/uncut-pv/assets/img/demo/demo-4.jpg]
[html.hixstudio.net/uncut-pv/uncut/lawyer/index.html]
[html.hixstudio.net/uncut-pv/assets/img/demo/demo-5.jpg]
[html.hixstudio.net/uncut-pv/uncut/currency/index.html]
[html.hixstudio.net/uncut-pv/assets/img/demo/demo-6.jpg]
[html.hixstudio.net/uncut-pv/uncut/charity/index.html]
[html.hixstudio.net/uncut-pv/assets/img/demo/demo-7.jpg]
[html.hixstudio.net/uncut-pv/uncut/it-solution/index.html]
[html.hixstudio.net/uncut-pv/assets/img/demo/demo-8.jpg]
[html.hixstudio.net/uncut-pv/uncut/digital/index.html]
[html.hixstudio.net/uncut-pv/assets/img/demo/demo-9.jpg]
[html.hixstudio.net/uncut-pv/uncut/portfolio-carousel/index.html]
[html.hixstudio.net/uncut-pv/assets/img/demo/demo-10.jpg]
[html.hixstudio.net/uncut-pv/assets/img/demo/comeing-soon.jpg]
[html.hixstudio.net/uncut-pv/assets/img/feature/dubble-hand.png]
[html.hixstudio.net/uncut-pv/assets/img/feature/scss.png]
[html.hixstudio.net/uncut-pv/assets/img/feature/swiper.png]
[html.hixstudio.net/uncut-pv/assets/img/feature/contact.png]
[html.hixstudio.net/uncut-pv/assets/img/feature/google.png]
[html.hixstudio.net/uncut-pv/assets/img/feature/w3c.png]
[html.hixstudio.net/uncut-pv/assets/img/responsive/icon-1.svg]
[html.hixstudio.net/uncut-pv/assets/img/responsive/icon-2.svg]
[html.hixstudio.net/uncut-pv/assets/img/responsive/icon-3.svg]
[html.hixstudio.net/uncut-pv/assets/img/responsive/icon-4.svg]
[html.hixstudio.net/uncut-pv/assets/img/responsive/mocup-1.png]
[html.hixstudio.net/uncut-pv/assets/img/responsive/mocup-inner-2.png]
[html.hixstudio.net/uncut-pv/assets/img/responsive/mocup-inner-1.png]
[html.hixstudio.net/uncut-pv/assets/img/blog/blog-bg.jpg]
[html.hixstudio.net/uncut-pv/assets/img/blog/blog-thumb.jpg]
[html.hixstudio.net/uncut-pv/assets/img/blog/blog-thumb-2.jpg]
[html.hixstudio.net/uncut-pv/uncut/corporate/blog-details.html]
[html.hixstudio.net/uncut-pv/assets/img/web/perfectly-website.jpg]
[html.hixstudio.net/uncut-pv/assets/img/web/wow.png]
[html.hixstudio.net/uncut-pv/assets/img/web/line.svg]
[html.hixstudio.net/uncut-pv/assets/img/pages/thumb.jpg]
[html.hixstudio.net/uncut-pv/assets/img/pages/thumb-2.jpg]
[html.hixstudio.net/uncut-pv/assets/img/pages/thumb-3.jpg]
[html.hixstudio.net/uncut-pv/assets/img/pages/thumb-4.jpg]
[html.hixstudio.net/uncut-pv/assets/img/pages/thumb-5.jpg]
[html.hixstudio.net/uncut-pv/assets/img/pages/thumb-6.jpg]
[html.hixstudio.net/uncut-pv/assets/img/pages/thumb-7.jpg]
[html.hixstudio.net/uncut-pv/assets/img/pages/thumb-8.jpg]
[html.hixstudio.net/uncut-pv/assets/img/pages/thumb-9.jpg]
[html.hixstudio.net/uncut-pv/assets/img/pages/thumb-10.jpg]
[html.hixstudio.net/uncut-pv/assets/img/pages/thumb-11.jpg]
[html.hixstudio.net/uncut-pv/assets/img/pages/thumb-12.jpg]
[html.hixstudio.net/uncut-pv/assets/img/core-feature/core.jpg]
[html.hixstudio.net/uncut-pv/assets/img/core-feature/core-2.jpg]
[html.hixstudio.net/uncut-pv/assets/img/core-feature/core-3.jpg]
[html.hixstudio.net/uncut-pv/assets/img/core-feature/core-4.jpg]
[html.hixstudio.net/uncut-pv/assets/img/core-feature/core-5.jpg]
[html.hixstudio.net/uncut-pv/assets/img/core-feature/core-6.jpg]
[html.hixstudio.net/uncut-pv/assets/img/elements/shape.png]
[html.hixstudio.net/uncut-pv/assets/img/feadback/ratings.png]
[html.hixstudio.net/uncut-pv/assets/img/footer/footer.jpg]
[html.hixstudio.net/uncut-pv/assets/js/vendor/jquery.js]
[html.hixstudio.net/uncut-pv/assets/js/jquery.appear.js]
[html.hixstudio.net/uncut-pv/assets/js/swiper-bundle.js]
[html.hixstudio.net/uncut-pv/assets/js/anime.min.js]
[html.hixstudio.net/uncut-pv/assets/js/perallax-scroll.js]
[html.hixstudio.net/uncut-pv/assets/js/perallax.js]
[html.hixstudio.net/uncut-pv/index.html]
[html.hixstudio.net/uncut-pv/assets/css/swiper-bundle.css]
[html.hixstudio.net/uncut-pv/assets/css/main.css]
[html.hixstudio.net/uncut-pv/assets/js/main.js]
[html.hixstudio.net/uncut-pv/uncut/assets/img/medical/logo/favicon.png]
[html.hixstudio.net/uncut-pv/uncut/assets/css/bootstrap.css]
[html.hixstudio.net/uncut-pv/uncut/assets/css/swiper-bundle.css]
[html.hixstudio.net/uncut-pv/uncut/assets/css/magnific-popup.css]
[html.hixstudio.net/uncut-pv/uncut/assets/css/font-awesome-pro.css]
[html.hixstudio.net/uncut-pv/uncut/assets/css/spacing.css]
[html.hixstudio.net/uncut-pv/uncut/assets/css/main.css]
[html.hixstudio.net/uncut-pv/uncut/assets/img/medical/logo/logo.png]
[html.hixstudio.net/uncut-pv/uncut/assets/img/menu/demo.jpg]
[html.hixstudio.net/uncut-pv/uncut/assets/img/menu/demo-2.jpg]
[html.hixstudio.net/uncut-pv/uncut/assets/img/menu/demo-3.jpg]
[html.hixstudio.net/uncut-pv/uncut/assets/img/menu/demo-4.jpg]
[html.hixstudio.net/uncut-pv/uncut/assets/img/menu/demo-5.jpg]
[html.hixstudio.net/uncut-pv/uncut/assets/img/menu/demo-6.jpg]
[html.hixstudio.net/uncut-pv/uncut/assets/img/menu/demo-7.jpg]
[html.hixstudio.net/uncut-pv/uncut/assets/img/menu/demo-8.jpg]
[html.hixstudio.net/uncut-pv/uncut/assets/img/menu/demo-9.jpg]
[html.hixstudio.net/uncut-pv/uncut/assets/img/menu/demo-10.jpg]
[html.hixstudio.net/uncut-pv/uncut/medical/about.html]
[html.hixstudio.net/uncut-pv/uncut/medical/treatments.html]
[html.hixstudio.net/uncut-pv/uncut/medical/team.html]
[html.hixstudio.net/uncut-pv/uncut/medical/appointment.html]
[html.hixstudio.net/uncut-pv/uncut/medical/timetable.html]
[html.hixstudio.net/uncut-pv/uncut/medical/contact.html]
[html.hixstudio.net/uncut-pv/uncut/assets/img/medical/hero/bg.jpg]
[html.hixstudio.net/uncut-pv/uncut/assets/img/medical/hero/shape-2.png]
[html.hixstudio.net/uncut-pv/uncut/assets/img/medical/hero/heart.png]
[html.hixstudio.net/uncut-pv/uncut/assets/img/medical/hero/doctor.jpg]
[html.hixstudio.net/uncut-pv/uncut/assets/img/medical/hero/shape-1.png]
[html.hixstudio.net/uncut-pv/uncut/assets/img/medical/hero/doctor-2.jpg]
[html.hixstudio.net/uncut-pv/uncut/assets/img/medical/about/thumb.jpg]
[html.hixstudio.net/uncut-pv/uncut/assets/img/medical/about/thumb-3.jpg]
[html.hixstudio.net/uncut-pv/uncut/assets/img/medical/about/thumb-2.jpg]
[html.hixstudio.net/uncut-pv/uncut/assets/img/medical/work/shape.png]
[html.hixstudio.net/uncut-pv/uncut/assets/img/medical/work/thumb.jpg]
[html.hixstudio.net/uncut-pv/uncut/assets/img/medical/work/thumb-2.jpg]
[html.hixstudio.net/uncut-pv/uncut/assets/img/medical/work/thumb-3.jpg]
[html.hixstudio.net/uncut-pv/uncut/assets/img/medical/chose/ballon.png]
[html.hixstudio.net/uncut-pv/uncut/assets/img/medical/chose/thumb.jpg]
[html.hixstudio.net/uncut-pv/uncut/assets/img/medical/chose/chose-video.jpg]
[html.hixstudio.net/uncut-pv/uncut/assets/img/medical/contact/thumb.jpg]
[html.hixstudio.net/uncut-pv/uncut/assets/img/medical/contact/thumb-2.jpg]
[html.hixstudio.net/uncut-pv/uncut/assets/img/medical/contact/thumb-3.jpg]
[html.hixstudio.net/uncut-pv/uncut/assets/img/medical/contact/thumb-4.jpg]
[html.hixstudio.net/uncut-pv/uncut/assets/img/medical/team/team.jpg]
[html.hixstudio.net/uncut-pv/uncut/medical/team-details.html]
[html.hixstudio.net/uncut-pv/uncut/assets/img/medical/team/team-2.jpg]
[html.hixstudio.net/uncut-pv/uncut/assets/img/medical/team/team-3.jpg]
[html.hixstudio.net/uncut-pv/uncut/assets/img/medical/team/team-4.jpg]
[html.hixstudio.net/uncut-pv/uncut/assets/img/medical/logo/logo-white.png]
[html.hixstudio.net/uncut-pv/uncut/assets/js/vendor/jquery.js]
[html.hixstudio.net/uncut-pv/uncut/assets/js/vendors.min.js]
[html.hixstudio.net/uncut-pv/uncut/assets/js/slider-init.js]
[html.hixstudio.net/uncut-pv/uncut/assets/js/main.js]
[html.hixstudio.net/uncut-pv/uncut/medical/index.html]
[html.hixstudio.net/uncut-pv/uncut/assets/img/corporate/logo/favicon.png]
[html.hixstudio.net/uncut-pv/uncut/assets/img/corporate/subscribe/subscribe.jpg]
[html.hixstudio.net/uncut-pv/uncut/corporate/contact.html]
[html.hixstudio.net/uncut-pv/uncut/assets/img/cursor/cursor.svg]
[html.hixstudio.net/uncut-pv/uncut/assets/img/corporate/logo/logo.png]
[html.hixstudio.net/uncut-pv/uncut/assets/img/digital/logo/logo.png]
[html.hixstudio.net/uncut-pv/uncut/corporate/about.html]
[html.hixstudio.net/uncut-pv/uncut/corporate/service.html]
[html.hixstudio.net/uncut-pv/uncut/corporate/service-details.html]
[html.hixstudio.net/uncut-pv/uncut/corporate/testimonial.html]
[html.hixstudio.net/uncut-pv/uncut/corporate/pricing.html]
[html.hixstudio.net/uncut-pv/uncut/corporate/blog.html]
[html.hixstudio.net/uncut-pv/uncut/assets/img/corporate/hero/thumb.jpg]
[html.hixstudio.net/uncut-pv/uncut/assets/img/corporate/about/about-2.jpg]
[html.hixstudio.net/uncut-pv/uncut/assets/img/corporate/about/text-shape.png]
[html.hixstudio.net/uncut-pv/uncut/assets/img/corporate/about/about-shae.png]
[html.hixstudio.net/uncut-pv/uncut/assets/img/corporate/about/about.jpg]
[html.hixstudio.net/uncut-pv/uncut/assets/img/corporate/service/shape.png]
[html.hixstudio.net/uncut-pv/uncut/assets/img/corporate/service/service.jpg]
[html.hixstudio.net/uncut-pv/uncut/assets/img/corporate/service/service-2.jpg]
[html.hixstudio.net/uncut-pv/uncut/assets/img/corporate/service/service-3.jpg]
[html.hixstudio.net/uncut-pv/uncut/assets/img/corporate/cta/cta.png]
[html.hixstudio.net/uncut-pv/uncut/assets/img/corporate/chose/thumb.jpg]
[html.hixstudio.net/uncut-pv/uncut/assets/img/corporate/chose/chart.png]
[html.hixstudio.net/uncut-pv/uncut/assets/img/corporate/chose/wow.png]
[html.hixstudio.net/uncut-pv/uncut/assets/img/corporate/pricing/shape.png]
[html.hixstudio.net/uncut-pv/uncut/assets/img/corporate/pricing/icon-1.png]
[html.hixstudio.net/uncut-pv/uncut/assets/img/corporate/pricing/icon-2.png]
[html.hixstudio.net/uncut-pv/uncut/assets/img/corporate/pricing/icon-3.png]
[html.hixstudio.net/uncut-pv/uncut/assets/img/corporate/brand/logo-1.png]
[html.hixstudio.net/uncut-pv/uncut/assets/img/corporate/brand/logo-2.png]
[html.hixstudio.net/uncut-pv/uncut/assets/img/corporate/brand/logo-3.png]
[html.hixstudio.net/uncut-pv/uncut/assets/img/corporate/brand/logo-4.png]
[html.hixstudio.net/uncut-pv/uncut/assets/img/corporate/brand/logo-5.png]
[html.hixstudio.net/uncut-pv/uncut/assets/img/corporate/video/video.jpg]
[html.hixstudio.net/uncut-pv/uncut/assets/img/corporate/testimonial/map.png]
[html.hixstudio.net/uncut-pv/uncut/assets/img/corporate/testimonial/tes-1.png]
[html.hixstudio.net/uncut-pv/uncut/assets/img/corporate/testimonial/tes-2.png]
[html.hixstudio.net/uncut-pv/uncut/assets/img/corporate/testimonial/tes-3.png]
[html.hixstudio.net/uncut-pv/uncut/assets/img/corporate/blog/blog-1.jpg]
[html.hixstudio.net/uncut-pv/uncut/assets/img/corporate/blog/blog-sm-1.png]
[html.hixstudio.net/uncut-pv/uncut/assets/img/corporate/blog/blog-2.jpg]
[html.hixstudio.net/uncut-pv/uncut/assets/img/corporate/blog/blog-sm-2.png]
[html.hixstudio.net/uncut-pv/uncut/assets/img/corporate/blog/blog-3.jpg]
[html.hixstudio.net/uncut-pv/uncut/assets/img/corporate/blog/blog-sm-3.png]
[html.hixstudio.net/uncut-pv/uncut/assets/img/corporate/logo/logo-white.png]
[html.hixstudio.net/uncut-pv/uncut/corporate/index.html]
[html.hixstudio.net/uncut-pv/uncut/assets/img/salon/logo/favicon.png]
[html.hixstudio.net/uncut-pv/uncut/assets/img/salon/subscribe/thumb.jpg]
[html.hixstudio.net/uncut-pv/uncut/assets/img/salon/subscribe/shape.png]
[html.hixstudio.net/uncut-pv/uncut/beauti-salon/contact.html]
[html.hixstudio.net/uncut-pv/uncut/assets/img/salon/logo/logo-2.png]
[html.hixstudio.net/uncut-pv/uncut/assets/img/salon/logo/logo.png]
[html.hixstudio.net/uncut-pv/uncut/beauti-salon/about.html]
[html.hixstudio.net/uncut-pv/uncut/beauti-salon/service.html]
[html.hixstudio.net/uncut-pv/uncut/beauti-salon/wedding.html]
[html.hixstudio.net/uncut-pv/uncut/beauti-salon/review.html]
[html.hixstudio.net/uncut-pv/uncut/assets/img/salon/hero/bg.jpg]
[html.hixstudio.net/uncut-pv/uncut/assets/img/salon/hero/green-leaf.png]
[html.hixstudio.net/uncut-pv/uncut/assets/img/salon/hero/relaxing-text.png]
[html.hixstudio.net/uncut-pv/uncut/assets/img/salon/hero/thumb.png]
[html.hixstudio.net/uncut-pv/uncut/assets/img/salon/hero/round-shape.png]
[html.hixstudio.net/uncut-pv/uncut/assets/img/salon/hero/text.png]
[html.hixstudio.net/uncut-pv/uncut/assets/img/salon/service/service-1.jpg]
[html.hixstudio.net/uncut-pv/uncut/assets/img/salon/service/service-2.jpg]
[html.hixstudio.net/uncut-pv/uncut/assets/img/salon/service/service-3.jpg]
[html.hixstudio.net/uncut-pv/uncut/assets/img/salon/about/about.png]
[html.hixstudio.net/uncut-pv/uncut/assets/img/salon/about/flower.png]
[html.hixstudio.net/uncut-pv/uncut/assets/img/salon/about/big-sale.png]
[html.hixstudio.net/uncut-pv/uncut/assets/img/salon/offer/offer.jpg]
[html.hixstudio.net/uncut-pv/uncut/assets/img/salon/offer/offer-2.jpg]
[html.hixstudio.net/uncut-pv/uncut/assets/img/salon/pricing/shape.png]
[html.hixstudio.net/uncut-pv/uncut/assets/img/salon/pricing/avatar.png]
[html.hixstudio.net/uncut-pv/uncut/assets/img/salon/pricing/avatar-2.png]
[html.hixstudio.net/uncut-pv/uncut/assets/img/salon/pricing/avatar-3.png]
[html.hixstudio.net/uncut-pv/uncut/assets/img/salon/pricing/avatar-4.png]
[html.hixstudio.net/uncut-pv/uncut/assets/img/salon/pricing/avatar-5.png]
[html.hixstudio.net/uncut-pv/uncut/assets/img/salon/testimonial/map.png]
[html.hixstudio.net/uncut-pv/uncut/assets/img/salon/testimonial/avatar-2.png]
[html.hixstudio.net/uncut-pv/uncut/assets/img/salon/testimonial/avatar.png]
[html.hixstudio.net/uncut-pv/uncut/assets/img/salon/testimonial/flower.png]
[html.hixstudio.net/uncut-pv/uncut/assets/img/salon/team/shape.jpg]
[html.hixstudio.net/uncut-pv/uncut/assets/img/salon/team/team.jpg]
[html.hixstudio.net/uncut-pv/uncut/assets/img/salon/team/team-2.jpg]
[html.hixstudio.net/uncut-pv/uncut/assets/img/salon/team/team-3.jpg]
[html.hixstudio.net/uncut-pv/uncut/assets/img/salon/team/team-4.jpg]
[html.hixstudio.net/uncut-pv/uncut/assets/img/salon/faq/shape.png]
[html.hixstudio.net/uncut-pv/uncut/assets/img/salon/faq/thumb.jpg]
[html.hixstudio.net/uncut-pv/uncut/assets/img/salon/brand/brand.png]
[html.hixstudio.net/uncut-pv/uncut/assets/img/salon/brand/brand-2.png]
[html.hixstudio.net/uncut-pv/uncut/assets/img/salon/brand/brand-3.png]
[html.hixstudio.net/uncut-pv/uncut/assets/img/salon/brand/brand-4.png]
[html.hixstudio.net/uncut-pv/uncut/assets/img/salon/brand/brand-5.png]
[html.hixstudio.net/uncut-pv/uncut/assets/img/salon/brand/brand-6.png]
[html.hixstudio.net/uncut-pv/uncut/assets/img/salon/footer/footer.jpg]
[html.hixstudio.net/uncut-pv/uncut/assets/img/salon/footer/leaf.png]
[html.hixstudio.net/uncut-pv/uncut/beauti-salon/index.html]
[html.hixstudio.net/uncut-pv/uncut/assets/img/pizza/logo/favicon.png]
[html.hixstudio.net/uncut-pv/uncut/assets/img/pizza/logo/logo-black.png]
[html.hixstudio.net/uncut-pv/uncut/pizza/about.html]
[html.hixstudio.net/uncut-pv/uncut/pizza/pricing.html]
[html.hixstudio.net/uncut-pv/uncut/pizza/team.html]
[html.hixstudio.net/uncut-pv/uncut/pizza/francise.html]
[html.hixstudio.net/uncut-pv/uncut/pizza/contact.html]
[html.hixstudio.net/uncut-pv/uncut/assets/img/pizza/hero/bg.jpg]
[html.hixstudio.net/uncut-pv/uncut/assets/img/pizza/hero/tomato.png]
[html.hixstudio.net/uncut-pv/uncut/assets/img/pizza/hero/pizza-big.png]
[html.hixstudio.net/uncut-pv/uncut/assets/img/pizza/hero/grean-eag.png]
[html.hixstudio.net/uncut-pv/uncut/assets/img/pizza/hero/text.png]
[html.hixstudio.net/uncut-pv/uncut/assets/img/pizza/order/bg-2.jpg]
[html.hixstudio.net/uncut-pv/uncut/assets/img/pizza/order/order.png]
[html.hixstudio.net/uncut-pv/uncut/assets/img/pizza/order/bg.jpg]
[html.hixstudio.net/uncut-pv/uncut/assets/img/pizza/order/order-2.png]
[html.hixstudio.net/uncut-pv/uncut/assets/img/pizza/about/curve-text.png]
[html.hixstudio.net/uncut-pv/uncut/assets/img/pizza/about/pizza.png]
[html.hixstudio.net/uncut-pv/uncut/assets/img/pizza/about/thumb.jpg]
[html.hixstudio.net/uncut-pv/uncut/assets/img/pizza/service/tomato.png]
[html.hixstudio.net/uncut-pv/uncut/assets/img/pizza/product/bg.jpg]
[html.hixstudio.net/uncut-pv/uncut/assets/img/pizza/product/red-chili.png]
[html.hixstudio.net/uncut-pv/uncut/assets/img/pizza/product/vector.png]
[html.hixstudio.net/uncut-pv/uncut/assets/img/pizza/product/pizza-1.png]
[html.hixstudio.net/uncut-pv/uncut/assets/img/pizza/product/pizza-2.png]
[html.hixstudio.net/uncut-pv/uncut/assets/img/pizza/product/pizza-3.png]
[html.hixstudio.net/uncut-pv/uncut/assets/img/pizza/chose/strength.jpg]
[html.hixstudio.net/uncut-pv/uncut/assets/img/pizza/chose/chili.png]
[html.hixstudio.net/uncut-pv/uncut/assets/img/pizza/chose/chose.jpg]
[html.hixstudio.net/uncut-pv/uncut/assets/img/pizza/chose/chose-2.jpg]
[html.hixstudio.net/uncut-pv/uncut/assets/img/pizza/testimonial/tomato.jpg]
[html.hixstudio.net/uncut-pv/uncut/assets/img/lawyer/testimonial/avatar-1.png]
[html.hixstudio.net/uncut-pv/uncut/assets/img/lawyer/testimonial/avatar-2.png]
[html.hixstudio.net/uncut-pv/uncut/assets/img/pizza/pricing/img.jpg]
[html.hixstudio.net/uncut-pv/uncut/assets/img/pizza/pricing/discount.png]
[html.hixstudio.net/uncut-pv/uncut/assets/img/pizza/pricing/product.png]
[html.hixstudio.net/uncut-pv/uncut/assets/img/pizza/pricing/product-2.png]
[html.hixstudio.net/uncut-pv/uncut/assets/img/pizza/pricing/product-3.png]
[html.hixstudio.net/uncut-pv/uncut/assets/img/pizza/pricing/product-4.png]
[html.hixstudio.net/uncut-pv/uncut/assets/img/pizza/pricing/product-5.png]
[html.hixstudio.net/uncut-pv/uncut/assets/img/pizza/pricing/product-6.png]
[html.hixstudio.net/uncut-pv/uncut/assets/img/pizza/instagram/grean-leag.png]
[html.hixstudio.net/uncut-pv/uncut/assets/img/pizza/instagram/instagram.jpg]
[html.hixstudio.net/uncut-pv/uncut/assets/img/pizza/instagram/instagram-2.jpg]
[html.hixstudio.net/uncut-pv/uncut/assets/img/pizza/instagram/instagram-3.jpg]
[html.hixstudio.net/uncut-pv/uncut/assets/img/pizza/instagram/instagram-4.jpg]
[html.hixstudio.net/uncut-pv/uncut/assets/img/pizza/instagram/instagram-5.jpg]
[html.hixstudio.net/uncut-pv/uncut/assets/img/pizza/footer/bg.jpg]
[html.hixstudio.net/uncut-pv/uncut/assets/img/pizza/footer/tomato.png]
[html.hixstudio.net/uncut-pv/uncut/pizza/index.html]
[html.hixstudio.net/uncut-pv/uncut/assets/img/lawyer/logo/favicon.png]
[html.hixstudio.net/uncut-pv/uncut/assets/img/lawyer/logo/logo.png]
[html.hixstudio.net/uncut-pv/uncut/lawyer/about.html]
[html.hixstudio.net/uncut-pv/uncut/lawyer/service.html]
[html.hixstudio.net/uncut-pv/uncut/lawyer/service-details.html]
[html.hixstudio.net/uncut-pv/uncut/lawyer/team.html]
[html.hixstudio.net/uncut-pv/uncut/lawyer/team-details.html]
[html.hixstudio.net/uncut-pv/uncut/lawyer/blog.html]
[html.hixstudio.net/uncut-pv/uncut/lawyer/blog-details.html]
[html.hixstudio.net/uncut-pv/uncut/lawyer/contact.html]
[html.hixstudio.net/uncut-pv/uncut/assets/img/lawyer/hero/hero.jpg]
[html.hixstudio.net/uncut-pv/uncut/assets/img/lawyer/hero/shape.jpg]
[html.hixstudio.net/uncut-pv/uncut/assets/img/lawyer/hero/shape-2.jpg]
[html.hixstudio.net/uncut-pv/uncut/assets/img/lawyer/hero/thumb.png]
[html.hixstudio.net/uncut-pv/uncut/assets/img/lawyer/service/service.png]
[html.hixstudio.net/uncut-pv/uncut/assets/img/lawyer/about/pen.png]
[html.hixstudio.net/uncut-pv/uncut/assets/img/lawyer/about/about-3.jpg]
[html.hixstudio.net/uncut-pv/uncut/assets/img/lawyer/about/about-2.jpg]
[html.hixstudio.net/uncut-pv/uncut/assets/img/lawyer/about/about.jpg]
[html.hixstudio.net/uncut-pv/uncut/assets/img/lawyer/counter/bg.jpg]
[html.hixstudio.net/uncut-pv/uncut/assets/img/lawyer/work/work.jpg]
[html.hixstudio.net/uncut-pv/uncut/assets/img/lawyer/work/work-2.jpg]
[html.hixstudio.net/uncut-pv/uncut/assets/img/lawyer/work/work-3.jpg]
[html.hixstudio.net/uncut-pv/uncut/assets/img/lawyer/expert/expert-thumb.jpg]
[html.hixstudio.net/uncut-pv/uncut/assets/img/lawyer/expert/expert-thumb-2.jpg]
[html.hixstudio.net/uncut-pv/uncut/assets/img/lawyer/expert/brand.png]
[html.hixstudio.net/uncut-pv/uncut/assets/img/lawyer/expert/brand-2.png]
[html.hixstudio.net/uncut-pv/uncut/assets/img/lawyer/expert/brand-3.png]
[html.hixstudio.net/uncut-pv/uncut/assets/img/lawyer/expert/brand-4.png]
[html.hixstudio.net/uncut-pv/uncut/assets/img/lawyer/faq/thumb.png]
[html.hixstudio.net/uncut-pv/uncut/assets/img/lawyer/faq/avatar.png]
[html.hixstudio.net/uncut-pv/uncut/assets/img/lawyer/team/team-2.jpg]
[html.hixstudio.net/uncut-pv/uncut/assets/img/lawyer/team/team-1.jpg]
[html.hixstudio.net/uncut-pv/uncut/assets/img/lawyer/team/team-4.jpg]
[html.hixstudio.net/uncut-pv/uncut/assets/img/lawyer/team/team-3.jpg]
[html.hixstudio.net/uncut-pv/uncut/assets/img/lawyer/blog/thumb.jpg]
[html.hixstudio.net/uncut-pv/uncut/assets/img/lawyer/cta/cta-thumb.png]
[html.hixstudio.net/uncut-pv/uncut/assets/img/lawyer/logo/logo-white.png]
[html.hixstudio.net/uncut-pv/uncut/lawyer/index.html]
[html.hixstudio.net/uncut-pv/uncut/assets/img/currency/logo/favicon.png]
[html.hixstudio.net/uncut-pv/uncut/assets/img/currency/logo/logo-black.png]
[html.hixstudio.net/uncut-pv/uncut/assets/img/currency/logo/logo-white.png]
[html.hixstudio.net/uncut-pv/uncut/assets/img/currency/hero/hero.png]
[html.hixstudio.net/uncut-pv/uncut/assets/img/currency/hero/coin-1.png]
[html.hixstudio.net/uncut-pv/uncut/assets/img/currency/hero/coin-2.png]
[html.hixstudio.net/uncut-pv/uncut/assets/img/currency/hero/bit-1.png]
[html.hixstudio.net/uncut-pv/uncut/assets/img/currency/service/tether-icon.png]
[html.hixstudio.net/uncut-pv/uncut/assets/img/currency/service/tether-icon-2.png]
[html.hixstudio.net/uncut-pv/uncut/assets/img/currency/about/thumb.png]
[html.hixstudio.net/uncut-pv/uncut/assets/img/currency/feature/coin3.png]
[html.hixstudio.net/uncut-pv/uncut/assets/img/currency/feature/chart.png]
[html.hixstudio.net/uncut-pv/uncut/assets/img/currency/testimonial/avatar.png]
[html.hixstudio.net/uncut-pv/uncut/assets/img/currency/app/mobile-app.png]
[html.hixstudio.net/uncut-pv/uncut/assets/img/currency/app/google-play-1.png]
[html.hixstudio.net/uncut-pv/uncut/assets/img/currency/app/apple.png]
[html.hixstudio.net/uncut-pv/uncut/assets/img/currency/footer/coin.png]
[html.hixstudio.net/uncut-pv/uncut/currency/index.html]
[html.hixstudio.net/uncut-pv/uncut/assets/img/charity/logo/favicon.png]
[html.hixstudio.net/uncut-pv/uncut/assets/img/charity/logo/logo.png]
[html.hixstudio.net/uncut-pv/uncut/charity/about.html]
[html.hixstudio.net/uncut-pv/uncut/charity/causes.html]
[html.hixstudio.net/uncut-pv/uncut/charity/gallery.html]
[html.hixstudio.net/uncut-pv/uncut/charity/team.html]
[html.hixstudio.net/uncut-pv/uncut/charity/blog.html]
[html.hixstudio.net/uncut-pv/uncut/charity/blog-details.html]
[html.hixstudio.net/uncut-pv/uncut/charity/contact.html]
[html.hixstudio.net/uncut-pv/uncut/assets/img/charity/hero/bg.png]
[html.hixstudio.net/uncut-pv/uncut/assets/img/charity/hero/shape-2.png]
[html.hixstudio.net/uncut-pv/uncut/assets/img/charity/hero/shape.png]
[html.hixstudio.net/uncut-pv/uncut/assets/img/charity/hero/shape-3.png]
[html.hixstudio.net/uncut-pv/uncut/assets/img/charity/hero/thumb.png]
[html.hixstudio.net/uncut-pv/uncut/assets/img/charity/about/thumb.jpg]
[html.hixstudio.net/uncut-pv/uncut/assets/img/charity/feature/wood.png]
[html.hixstudio.net/uncut-pv/uncut/assets/img/charity/feature/shape.png]
[html.hixstudio.net/uncut-pv/uncut/assets/img/charity/service/bg.jpg]
[html.hixstudio.net/uncut-pv/uncut/assets/img/charity/service/shape.png]
[html.hixstudio.net/uncut-pv/uncut/assets/img/charity/service/shape-2.png]
[html.hixstudio.net/uncut-pv/uncut/assets/img/charity/service/shape-3.png]
[html.hixstudio.net/uncut-pv/uncut/assets/img/charity/service/thumb.jpg]
[html.hixstudio.net/uncut-pv/uncut/assets/img/charity/service/thumb-2.jpg]
[html.hixstudio.net/uncut-pv/uncut/assets/img/charity/service/thumb-3.jpg]
[html.hixstudio.net/uncut-pv/uncut/assets/img/charity/work/shape.png]
[html.hixstudio.net/uncut-pv/uncut/assets/img/charity/work/bg.jpg]
[html.hixstudio.net/uncut-pv/uncut/assets/img/charity/work/down-bg.jpg]
[html.hixstudio.net/uncut-pv/uncut/assets/img/charity/work/work-banner-thumb.png]
[html.hixstudio.net/uncut-pv/uncut/assets/img/charity/work/shape-2.png]
[html.hixstudio.net/uncut-pv/uncut/assets/img/charity/awards/map.png]
[html.hixstudio.net/uncut-pv/uncut/assets/img/charity/awards/awards.png]
[html.hixstudio.net/uncut-pv/uncut/assets/img/charity/awards/awards-2.png]
[html.hixstudio.net/uncut-pv/uncut/assets/img/charity/awards/awards-3.png]
[html.hixstudio.net/uncut-pv/uncut/assets/img/charity/blog/bg.jpg]
[html.hixstudio.net/uncut-pv/uncut/assets/img/charity/blog/top-shape.png]
[html.hixstudio.net/uncut-pv/uncut/assets/img/charity/blog/dry-leaf.png]
[html.hixstudio.net/uncut-pv/uncut/assets/img/charity/blog/wood.png]
[html.hixstudio.net/uncut-pv/uncut/assets/img/charity/blog/thumb.jpg]
[html.hixstudio.net/uncut-pv/uncut/assets/img/charity/blog/thumb-2.jpg]
[html.hixstudio.net/uncut-pv/uncut/assets/img/charity/blog/thumb-3.jpg]
[html.hixstudio.net/uncut-pv/uncut/assets/img/charity/footer/footer-bg.jpg]
[html.hixstudio.net/uncut-pv/uncut/assets/img/charity/footer/wood.png]
[html.hixstudio.net/uncut-pv/uncut/assets/img/charity/logo/logo-white.png]
[html.hixstudio.net/uncut-pv/uncut/charity/index.html]
[html.hixstudio.net/uncut-pv/uncut/assets/img/it-solution/logo/favicon.png]
[html.hixstudio.net/uncut-pv/uncut/assets/img/it-solution/logo/logo-dark.png]
[html.hixstudio.net/uncut-pv/uncut/it-solution/about.html]
[html.hixstudio.net/uncut-pv/uncut/it-solution/portfolio.html]
[html.hixstudio.net/uncut-pv/uncut/it-solution/portfolio-details.html]
[html.hixstudio.net/uncut-pv/uncut/it-solution/service.html]
[html.hixstudio.net/uncut-pv/uncut/it-solution/service-details.html]
[html.hixstudio.net/uncut-pv/uncut/it-solution/blog.html]
[html.hixstudio.net/uncut-pv/uncut/it-solution/blog-details.html]
[html.hixstudio.net/uncut-pv/uncut/it-solution/contact.html]
[html.hixstudio.net/uncut-pv/uncut/assets/img/it-solution/hero/bg.jpg]
[html.hixstudio.net/uncut-pv/uncut/assets/img/it-solution/hero/shape.png]
[html.hixstudio.net/uncut-pv/uncut/assets/img/it-solution/about/thumb.jpg]
[html.hixstudio.net/uncut-pv/uncut/assets/img/it-solution/about/star.png]
[html.hixstudio.net/uncut-pv/uncut/assets/img/it-solution/about/thumb-2.jpg]
[html.hixstudio.net/uncut-pv/uncut/assets/img/it-solution/service/bg.jpg]
[html.hixstudio.net/uncut-pv/uncut/assets/img/it-solution/service/shape.png]
[html.hixstudio.net/uncut-pv/uncut/assets/img/it-solution/process/thumb.jpg]
[html.hixstudio.net/uncut-pv/uncut/assets/img/it-solution/portfolio/portfolio.jpg]
[html.hixstudio.net/uncut-pv/uncut/assets/img/it-solution/portfolio/portfolio-2.jpg]
[html.hixstudio.net/uncut-pv/uncut/assets/img/it-solution/portfolio/portfolio-3.jpg]
[html.hixstudio.net/uncut-pv/uncut/assets/img/it-solution/portfolio/portfolio-4.jpg]
[html.hixstudio.net/uncut-pv/uncut/assets/img/it-solution/video/bg.jpg]
[html.hixstudio.net/uncut-pv/uncut/assets/img/it-solution/testimonial/wow.png]
[html.hixstudio.net/uncut-pv/uncut/assets/img/it-solution/testimonial/map.png]
[html.hixstudio.net/uncut-pv/uncut/assets/img/it-solution/testimonial/avatar-3.png]
[html.hixstudio.net/uncut-pv/uncut/assets/img/it-solution/testimonial/logo.png]
[html.hixstudio.net/uncut-pv/uncut/assets/img/it-solution/testimonial/avater-4.jpg]
[html.hixstudio.net/uncut-pv/uncut/assets/img/it-solution/testimonial/avater-5.jpg]
[html.hixstudio.net/uncut-pv/uncut/assets/img/it-solution/blog/blog.jpg]
[html.hixstudio.net/uncut-pv/uncut/assets/img/it-solution/blog/blog-2.jpg]
[html.hixstudio.net/uncut-pv/uncut/assets/img/it-solution/blog/blog-3.jpg]
[html.hixstudio.net/uncut-pv/uncut/assets/img/it-solution/logo/logo-white.png]
[html.hixstudio.net/uncut-pv/uncut/it-solution/index.html]
[html.hixstudio.net/uncut-pv/uncut/assets/img/digital/logo/favicon.png]
[html.hixstudio.net/uncut-pv/uncut/assets/img/digital/subscribe/subscribe.jpg]
[html.hixstudio.net/uncut-pv/uncut/assets/img/digital/header/rocket.png]
[html.hixstudio.net/uncut-pv/uncut/digital/about.html]
[html.hixstudio.net/uncut-pv/uncut/digital/service.html]
[html.hixstudio.net/uncut-pv/uncut/digital/service-details.html]
[html.hixstudio.net/uncut-pv/uncut/digital/portfolio.html]
[html.hixstudio.net/uncut-pv/uncut/digital/portfolio-details.html]
[html.hixstudio.net/uncut-pv/uncut/digital/pricing.html]
[html.hixstudio.net/uncut-pv/uncut/digital/team.html]
[html.hixstudio.net/uncut-pv/uncut/digital/contact.html]
[html.hixstudio.net/uncut-pv/uncut/assets/img/digital/hero/shape.jpg]
[html.hixstudio.net/uncut-pv/uncut/assets/img/digital/hero/user-group.png]
[html.hixstudio.net/uncut-pv/uncut/assets/img/digital/hero/thumb-2.png]
[html.hixstudio.net/uncut-pv/uncut/assets/img/digital/hero/shape-2.png]
[html.hixstudio.net/uncut-pv/uncut/assets/img/digital/hero/thumb.png]
[html.hixstudio.net/uncut-pv/uncut/assets/img/digital/brand/brand-1.png]
[html.hixstudio.net/uncut-pv/uncut/assets/img/digital/brand/brand-2.png]
[html.hixstudio.net/uncut-pv/uncut/assets/img/digital/brand/brand-3.png]
[html.hixstudio.net/uncut-pv/uncut/assets/img/digital/brand/brand-4.png]
[html.hixstudio.net/uncut-pv/uncut/assets/img/digital/brand/brand-5.png]
[html.hixstudio.net/uncut-pv/uncut/assets/img/digital/about/user.png]
[html.hixstudio.net/uncut-pv/uncut/assets/img/digital/about/shape.jpg]
[html.hixstudio.net/uncut-pv/uncut/assets/img/digital/about/thumb.jpg]
[html.hixstudio.net/uncut-pv/uncut/assets/img/digital/service/service.jpg]
[html.hixstudio.net/uncut-pv/uncut/assets/img/digital/service/service-2.jpg]
[html.hixstudio.net/uncut-pv/uncut/assets/img/digital/service/service-3.jpg]
[html.hixstudio.net/uncut-pv/uncut/assets/img/digital/funfact/text-round.png]
[html.hixstudio.net/uncut-pv/uncut/assets/img/digital/portfolio/portfolio-2.jpg]
[html.hixstudio.net/uncut-pv/uncut/assets/img/digital/portfolio/portfolio.jpg]
[html.hixstudio.net/uncut-pv/uncut/assets/img/digital/portfolio/portfolio-6.jpg]
[html.hixstudio.net/uncut-pv/uncut/assets/img/digital/portfolio/portfolio-5.jpg]
[html.hixstudio.net/uncut-pv/uncut/assets/img/digital/portfolio/portfolio-4.jpg]
[html.hixstudio.net/uncut-pv/uncut/assets/img/digital/portfolio/portfolio-3.jpg]
[html.hixstudio.net/uncut-pv/uncut/assets/img/digital/faq/user.png]
[html.hixstudio.net/uncut-pv/uncut/assets/img/digital/cta/shape.png]
[html.hixstudio.net/uncut-pv/uncut/digital/index.html]
[html.hixstudio.net/uncut-pv/uncut/assets/img/digital/logo/logo-white.png]
[html.hixstudio.net/uncut-pv/uncut/portfolio-carousel/portfolio.html]
[html.hixstudio.net/uncut-pv/uncut/portfolio-carousel/portfolio-details.html]
[html.hixstudio.net/uncut-pv/uncut/portfolio-carousel/contact.html]
[html.hixstudio.net/uncut-pv/uncut/assets/img/portfolio-carousel/hero/slider.jpg]
[html.hixstudio.net/uncut-pv/uncut/assets/img/portfolio-carousel/hero/slider-2.jpg]
[html.hixstudio.net/uncut-pv/uncut/assets/img/portfolio-carousel/hero/slider-3.jpg]
[html.hixstudio.net/uncut-pv/uncut/assets/img/portfolio-carousel/hero/slider-4.jpg]
[html.hixstudio.net/uncut-pv/uncut/assets/img/portfolio-carousel/hero/slider-5.jpg]
[html.hixstudio.net/uncut-pv/uncut/assets/img/portfolio-carousel/hero/slider-6.jpg]
[html.hixstudio.net/uncut-pv/uncut/assets/img/portfolio-carousel/hero/slider-7.jpg]
[html.hixstudio.net/uncut-pv/uncut/assets/img/portfolio-carousel/hero/slider-8.jpg]
[html.hixstudio.net/uncut-pv/uncut/assets/img/portfolio-carousel/hero/slider-9.jpg]
[html.hixstudio.net/uncut-pv/uncut/portfolio-carousel/index.html]
[html.hixstudio.net/uncut-pv/assets/img/responsive/icon-1.svg]
[html.hixstudio.net/uncut-pv/assets/img/responsive/icon-2.svg]
[html.hixstudio.net/uncut-pv/assets/img/responsive/icon-3.svg]
[html.hixstudio.net/uncut-pv/assets/img/responsive/icon-4.svg]
[html.hixstudio.net/uncut-pv/uncut/assets/img/corporate/logo/logo-white-2.png]
[html.hixstudio.net/uncut-pv/uncut/assets/img/corporate/bradcrumb/bradcrumb-7.jpg]
[html.hixstudio.net/uncut-pv/uncut/assets/img/corporate/bradcrumb/user.png]
[html.hixstudio.net/uncut-pv/uncut/assets/img/corporate/blog/details/details-thumb.jpg]
[html.hixstudio.net/uncut-pv/uncut/assets/img/corporate/blog/details/details-thumb-2.jpg]
[html.hixstudio.net/uncut-pv/uncut/assets/img/corporate/blog/details/details-thumb-3.jpg]
[html.hixstudio.net/uncut-pv/uncut/assets/img/corporate/blog/details/user.png]
[html.hixstudio.net/uncut-pv/uncut/corporate/blog-details.html]
[html.hixstudio.net/uncut-pv/assets/img/web/line.svg]
[html.hixstudio.net/uncut-pv/assets/js/vendor/jquery.js]
[html.hixstudio.net/uncut-pv/assets/js/jquery.appear.js]
[html.hixstudio.net/uncut-pv/e]
[html.hixstudio.net/uncut-pv/a.params.url]
[html.hixstudio.net/uncut-pv/assets/js/swiper-bundle.js]
[html.hixstudio.net/uncut-pv/assets/js/anime.min.js]
[html.hixstudio.net/uncut-pv/assets/js/perallax-scroll.js]
[html.hixstudio.net/uncut-pv/assets/js/perallax.js]
[html.hixstudio.net/uncut-pv/assets/js/main.js]
[html.hixstudio.net/uncut-pv/uncut/assets/css/bootstrap.css]
[html.hixstudio.net/uncut-pv/uncut/assets/css/swiper-bundle.css]
[html.hixstudio.net/uncut-pv/uncut/assets/css/magnific-popup.css]
[html.hixstudio.net/uncut-pv/uncut/assets/fonts/fa-brands-400.woff2]
[html.hixstudio.net/uncut-pv/uncut/assets/fonts/fa-brands-400.ttf]
[html.hixstudio.net/uncut-pv/uncut/assets/fonts/fa-duotone-900.woff2]
[html.hixstudio.net/uncut-pv/uncut/assets/fonts/fa-duotone-900.ttf]
[html.hixstudio.net/uncut-pv/uncut/assets/fonts/fa-light-300.woff2]
[html.hixstudio.net/uncut-pv/uncut/assets/fonts/fa-regular-400.woff2]
[html.hixstudio.net/uncut-pv/uncut/assets/fonts/fa-solid-900.woff2]
[html.hixstudio.net/uncut-pv/uncut/assets/fonts/fa-light-300.ttf]
[html.hixstudio.net/uncut-pv/uncut/assets/fonts/fa-regular-400.ttf]
[html.hixstudio.net/uncut-pv/uncut/assets/fonts/fa-solid-900.ttf]
[html.hixstudio.net/uncut-pv/uncut/assets/fonts/fa-thin-100.1e9.delayed]
[html.hixstudio.net/uncut-pv/uncut/assets/fonts/fa-thin-100.ttf]
[html.hixstudio.net/uncut-pv/uncut/assets/fonts/fa-v4compatibility.woff2]
[html.hixstudio.net/uncut-pv/uncut/assets/fonts/fa-v4compatibility.ttf]
[html.hixstudio.net/uncut-pv/uncut/assets/css/font-awesome-pro.css]
[html.hixstudio.net/uncut-pv/uncut/assets/css/spacing.css]
[html.hixstudio.net/uncut-pv/uncut/assets/fonts/Colasta.ttf]
[html.hixstudio.net/uncut-pv/uncut/assets/fonts/Colasta-Light.ttf]
[html.hixstudio.net/uncut-pv/uncut/assets/fonts/Colasta-Bold.ttf]
[html.hixstudio.net/uncut-pv/uncut/assets/fonts/Colasta-Black.ttf]
[html.hixstudio.net/uncut-pv/uncut/assets/img/cursor/cross-out.png]
[html.hixstudio.net/uncut-pv/uncut/assets/css/main.css]
[html.hixstudio.net/uncut-pv/uncut/assets/img/medical/bradcrumb/shape.png]
[html.hixstudio.net/uncut-pv/uncut/assets/img/medical/about/about.jpg]
[html.hixstudio.net/uncut-pv/uncut/assets/img/medical/vison/bg.jpg]
[html.hixstudio.net/uncut-pv/uncut/assets/img/medical/vison/thumb.png]
[html.hixstudio.net/uncut-pv/uncut/assets/img/medical/about/details/about.jpg]
[html.hixstudio.net/uncut-pv/uncut/assets/img/medical/about/details/about-2.jpg]
[html.hixstudio.net/uncut-pv/uncut/assets/img/digital/testimoial/testimonial.png]
[html.hixstudio.net/uncut-pv/uncut/assets/img/digital/testimoial/testimonial-2.png]
[html.hixstudio.net/uncut-pv/uncut/assets/img/digital/testimoial/testimonial-3.png]
[html.hixstudio.net/uncut-pv/uncut/assets/img/digital/testimoial/testimonial-4.png]
[html.hixstudio.net/uncut-pv/uncut/medical/about.html]
[html.hixstudio.net/uncut-pv/uncut/assets/img/medical/bradcrumb/thumb.png]
[html.hixstudio.net/uncut-pv/uncut/assets/img/medical/treats/thumb.jpg]
[html.hixstudio.net/uncut-pv/uncut/assets/img/medical/service/service.jpg]
[html.hixstudio.net/uncut-pv/uncut/assets/img/medical/service/service-2.jpg]
[html.hixstudio.net/uncut-pv/uncut/assets/img/medical/service/service-3.jpg]
[html.hixstudio.net/uncut-pv/uncut/assets/img/medical/service/service-4.jpg]
[html.hixstudio.net/uncut-pv/uncut/assets/img/medical/service/service-5.jpg]
[html.hixstudio.net/uncut-pv/uncut/medical/treatments.html]
[html.hixstudio.net/uncut-pv/uncut/assets/img/medical/bradcrumb/thumb-2.png]
[html.hixstudio.net/uncut-pv/uncut/assets/img/medical/team/details/team.jpg]
[html.hixstudio.net/uncut-pv/uncut/assets/img/medical/team/details/doctor.jpg]
[html.hixstudio.net/uncut-pv/uncut/assets/img/medical/team/details/doctor-1.jpg]
[html.hixstudio.net/uncut-pv/uncut/assets/img/medical/team/details/doctor-2.jpg]
[html.hixstudio.net/uncut-pv/uncut/assets/img/medical/team/details/doctor-3.jpg]
[html.hixstudio.net/uncut-pv/uncut/assets/img/medical/team/details/doctor-4.jpg]
[html.hixstudio.net/uncut-pv/uncut/assets/img/medical/team/details/doctor-5.jpg]
[html.hixstudio.net/uncut-pv/uncut/assets/img/medical/team/details/doctor-6.jpg]
[html.hixstudio.net/uncut-pv/uncut/assets/img/medical/team/details/doctor-7.jpg]
[html.hixstudio.net/uncut-pv/uncut/medical/team.html]
[html.hixstudio.net/uncut-pv/uncut/assets/img/medical/bradcrumb/thumb-4.png]
[html.hixstudio.net/uncut-pv/uncut/assets/img/medical/service/service-thumb.png]
[html.hixstudio.net/uncut-pv/uncut/assets/img/corporate/faq/faq-shape.png]
[html.hixstudio.net/uncut-pv/uncut/assets/img/corporate/faq/faq-shape-2.png]
[html.hixstudio.net/uncut-pv/uncut/assets/img/medical/service/heart.png]
[html.hixstudio.net/uncut-pv/uncut/assets/img/medical/apoinment/thumb.jpg]
[html.hixstudio.net/uncut-pv/uncut/medical/appointment.html]
[html.hixstudio.net/uncut-pv/uncut/assets/img/medical/bradcrumb/thumb-3.png]
[html.hixstudio.net/uncut-pv/uncut/assets/img/medical/timetable/author.png]
[html.hixstudio.net/uncut-pv/uncut/assets/img/medical/timetable/author-2.png]
[html.hixstudio.net/uncut-pv/uncut/assets/img/medical/timetable/author-3.png]
[html.hixstudio.net/uncut-pv/uncut/assets/img/medical/timetable/author-4.png]
[html.hixstudio.net/uncut-pv/uncut/assets/img/medical/timetable/author-5.png]
[html.hixstudio.net/uncut-pv/uncut/assets/img/medical/timetable/author-6.png]
[html.hixstudio.net/uncut-pv/uncut/assets/img/medical/timetable/author-7.png]
[html.hixstudio.net/uncut-pv/uncut/assets/img/medical/timetable/author-9.png]
[html.hixstudio.net/uncut-pv/uncut/assets/img/medical/timetable/author-10.png]
[html.hixstudio.net/uncut-pv/uncut/assets/img/medical/timetable/author-12.png]
[html.hixstudio.net/uncut-pv/uncut/assets/img/medical/timetable/author-13.png]
[html.hixstudio.net/uncut-pv/uncut/assets/img/medical/timetable/author-14.png]
[html.hixstudio.net/uncut-pv/uncut/medical/timetable.html]
[html.hixstudio.net/uncut-pv/uncut/assets/img/medical/bradcrumb/thumb-5.png]
[html.hixstudio.net/uncut-pv/uncut/assets/img/medical/contact/details.jpg]
[html.hixstudio.net/uncut-pv/uncut/assets/img/medical/contact/faq.jpg]
[html.hixstudio.net/uncut-pv/uncut/medical/contact.html]
[html.hixstudio.net/uncut-pv/uncut/medical/team-details.html]
[html.hixstudio.net/uncut-pv/uncut/assets/js/vendor/jquery.js]
[html.hixstudio.net/uncut-pv/uncut/medical/e.223.delayed]
[html.hixstudio.net/uncut-pv/uncut/medical/a.params.url]
[html.hixstudio.net/uncut-pv/uncut/assets/js/vendors.min.js]
[html.hixstudio.net/uncut-pv/uncut/assets/js/slider-init.js]
[html.hixstudio.net/uncut-pv/uncut/assets/js/main.js]
[html.hixstudio.net/uncut-pv/uncut/assets/img/corporate/bradcrumb/bradcrumb-8.jpg]
[html.hixstudio.net/uncut-pv/uncut/corporate/contact.html]
[html.hixstudio.net/uncut-pv/uncut/assets/img/cursor/cursor.svg]
[html.hixstudio.net/uncut-pv/uncut/assets/img/corporate/bradcrumb/bradcrumb.jpg]
[html.hixstudio.net/uncut-pv/uncut/assets/img/corporate/portfolio/portfolio.jpg]
[html.hixstudio.net/uncut-pv/uncut/assets/img/corporate/portfolio/portfolio-2.jpg]
[html.hixstudio.net/uncut-pv/uncut/assets/img/corporate/portfolio/portfolio-3.jpg]
[html.hixstudio.net/uncut-pv/uncut/assets/img/corporate/about/about-2/about.jpg]
[html.hixstudio.net/uncut-pv/uncut/assets/img/corporate/about/about-2/about-shape.jpg]
[html.hixstudio.net/uncut-pv/uncut/assets/img/corporate/process/process.jpg]
[html.hixstudio.net/uncut-pv/uncut/assets/img/corporate/team/team.jpg]
[html.hixstudio.net/uncut-pv/uncut/assets/img/corporate/team/team-2.jpg]
[html.hixstudio.net/uncut-pv/uncut/assets/img/corporate/team/team-3.jpg]
[html.hixstudio.net/uncut-pv/uncut/assets/img/corporate/team/team-4.jpg]
[html.hixstudio.net/uncut-pv/uncut/corporate/about.html]
[html.hixstudio.net/uncut-pv/uncut/assets/img/corporate/bradcrumb/bradcrumb-2.jpg]
[html.hixstudio.net/uncut-pv/uncut/assets/img/corporate/service/approach/thmb.jpg]
[html.hixstudio.net/uncut-pv/uncut/assets/img/corporate/service/approach/quality-service.png]
[html.hixstudio.net/uncut-pv/uncut/assets/img/corporate/faq/faq-thumb.png]
[html.hixstudio.net/uncut-pv/uncut/corporate/service.html]
[html.hixstudio.net/uncut-pv/uncut/assets/img/corporate/bradcrumb/bradcrumb-3.jpg]
[html.hixstudio.net/uncut-pv/uncut/assets/img/corporate/service/service-2/icon.png]
[html.hixstudio.net/uncut-pv/uncut/assets/img/corporate/service/service-2/thumb.jpg]
[html.hixstudio.net/uncut-pv/uncut/assets/img/corporate/service/service-2/thumb-2.jpg]
[html.hixstudio.net/uncut-pv/uncut/corporate/service-details.html]
[html.hixstudio.net/uncut-pv/uncut/assets/img/corporate/bradcrumb/bradcrumb-4.jpg]
[html.hixstudio.net/uncut-pv/uncut/assets/img/corporate/testimonial/tes-2/tes.png]
[html.hixstudio.net/uncut-pv/uncut/assets/img/corporate/testimonial/tes-2/avatar.png]
[html.hixstudio.net/uncut-pv/uncut/assets/img/corporate/testimonial/tes-2/user.png]
[html.hixstudio.net/uncut-pv/uncut/corporate/testimonial.html]
[html.hixstudio.net/uncut-pv/uncut/assets/img/corporate/bradcrumb/bradcrumb-5.jpg]
[html.hixstudio.net/uncut-pv/uncut/assets/img/corporate/pricing/shape-2.png]
[html.hixstudio.net/uncut-pv/uncut/corporate/pricing.html]
[html.hixstudio.net/uncut-pv/uncut/assets/img/corporate/bradcrumb/bradcrumb-6.jpg]
[html.hixstudio.net/uncut-pv/uncut/assets/img/corporate/blog/blog-2/blog.jpg]
[html.hixstudio.net/uncut-pv/uncut/assets/img/corporate/blog/blog-2/blog-2.jpg]
[html.hixstudio.net/uncut-pv/uncut/assets/img/corporate/blog/blog-2/blog-3.jpg]
[html.hixstudio.net/uncut-pv/uncut/assets/img/corporate/blog/blog-2/blog-4.jpg]
[html.hixstudio.net/uncut-pv/uncut/assets/img/corporate/blog/blog-sm-4.png]
[html.hixstudio.net/uncut-pv/uncut/assets/img/corporate/blog/blog-2/blog-5.jpg]
[html.hixstudio.net/uncut-pv/uncut/assets/img/corporate/blog/blog-sm-5.png]
[html.hixstudio.net/uncut-pv/uncut/assets/img/corporate/blog/blog-2/blog-6.jpg]
[html.hixstudio.net/uncut-pv/uncut/assets/img/corporate/blog/blog-sm-6.png]
[html.hixstudio.net/uncut-pv/uncut/corporate/blog.html]
[html.hixstudio.net/uncut-pv/uncut/assets/img/salon/bradcrumb/bg.jpg]
[html.hixstudio.net/uncut-pv/uncut/assets/img/salon/bradcrumb/flower.png]
[html.hixstudio.net/uncut-pv/uncut/assets/img/salon/bradcrumb/man-5.png]
[html.hixstudio.net/uncut-pv/uncut/assets/img/salon/bradcrumb/green.png]
[html.hixstudio.net/uncut-pv/uncut/beauti-salon/+(1)2246767430]
[html.hixstudio.net/uncut-pv/uncut/beauti-salon/contact.html]
[html.hixstudio.net/uncut-pv/uncut/assets/img/salon/bradcrumb/man.png]
[html.hixstudio.net/uncut-pv/uncut/assets/img/salon/feature/feature-shape.png]
[html.hixstudio.net/uncut-pv/uncut/assets/img/salon/about/details/image.jpg]
[html.hixstudio.net/uncut-pv/uncut/assets/img/salon/about/details/rose.png]
[html.hixstudio.net/uncut-pv/uncut/assets/img/salon/video/bg.jpg]
[html.hixstudio.net/uncut-pv/uncut/assets/img/salon/video/video-icon.png]
[html.hixstudio.net/uncut-pv/uncut/assets/img/salon/service/service.png]
[html.hixstudio.net/uncut-pv/uncut/beauti-salon/about.html]
[html.hixstudio.net/uncut-pv/uncut/assets/img/salon/bradcrumb/man-3.png]
[html.hixstudio.net/uncut-pv/uncut/assets/img/salon/service/service-4.jpg]
[html.hixstudio.net/uncut-pv/uncut/assets/img/salon/service/service-5.jpg]
[html.hixstudio.net/uncut-pv/uncut/assets/img/salon/service/service-6.jpg]
[html.hixstudio.net/uncut-pv/uncut/beauti-salon/service.html]
[html.hixstudio.net/uncut-pv/uncut/assets/img/salon/bradcrumb/man-2.png]
[html.hixstudio.net/uncut-pv/uncut/assets/img/salon/about/details-2/thumb.jpg]
[html.hixstudio.net/uncut-pv/uncut/assets/img/salon/gellary/gellary.jpg]
[html.hixstudio.net/uncut-pv/uncut/assets/img/salon/gellary/gellary-2.jpg]
[html.hixstudio.net/uncut-pv/uncut/assets/img/salon/gellary/gellary-3.jpg]
[html.hixstudio.net/uncut-pv/uncut/assets/img/salon/gellary/gellary-4.jpg]
[html.hixstudio.net/uncut-pv/uncut/beauti-salon/wedding.html]
[html.hixstudio.net/uncut-pv/uncut/assets/img/salon/bradcrumb/man-4.png]
[html.hixstudio.net/uncut-pv/uncut/assets/img/salon/testimonial/green-leaf.png]
[html.hixstudio.net/uncut-pv/uncut/assets/img/salon/testimonial/details.png]
[html.hixstudio.net/uncut-pv/uncut/beauti-salon/review.html]
[html.hixstudio.net/uncut-pv/uncut/assets/img/pizza/logo/logo-white.png]
[html.hixstudio.net/uncut-pv/uncut/assets/img/pizza/breadcrumb/bg.jpg]
[html.hixstudio.net/uncut-pv/uncut/assets/img/pizza/breadcrumb/titlebar-pattern.png]
[html.hixstudio.net/uncut-pv/uncut/assets/img/pizza/breadcrumb/demo-pizza-shape.png]
[html.hixstudio.net/uncut-pv/uncut/assets/img/pizza/pizza-spacial/product.jpg]
[html.hixstudio.net/uncut-pv/uncut/assets/img/pizza/pizza-spacial/product-2.jpg]
[html.hixstudio.net/uncut-pv/uncut/assets/img/pizza/pizza-spacial/product-3.jpg]
[html.hixstudio.net/uncut-pv/uncut/assets/img/pizza/pizza-spacial/product-4.jpg]
[html.hixstudio.net/uncut-pv/uncut/assets/img/pizza/testimonial/bg.jpg]
[html.hixstudio.net/uncut-pv/uncut/assets/img/pizza/testimonial/user.png]
[html.hixstudio.net/uncut-pv/uncut/assets/img/pizza/testimonial/user-2.png]
[html.hixstudio.net/uncut-pv/uncut/assets/img/pizza/history/history-5.jpg]
[html.hixstudio.net/uncut-pv/uncut/assets/img/pizza/history/history-3.png]
[html.hixstudio.net/uncut-pv/uncut/assets/img/pizza/history/history-2.png]
[html.hixstudio.net/uncut-pv/uncut/assets/img/pizza/history/history.png]
[html.hixstudio.net/uncut-pv/uncut/assets/img/pizza/footer/bg-2.jpg]
[html.hixstudio.net/uncut-pv/uncut/assets/img/pizza/footer/grean-leag.png]
[html.hixstudio.net/uncut-pv/uncut/pizza/about.html]
[html.hixstudio.net/uncut-pv/uncut/assets/img/pizza/about/price/product.png]
[html.hixstudio.net/uncut-pv/uncut/assets/img/pizza/about/price/thumb.jpg]
[html.hixstudio.net/uncut-pv/uncut/pizza/pricing.html]
[html.hixstudio.net/uncut-pv/uncut/assets/img/pizza/team/member.jpg]
[html.hixstudio.net/uncut-pv/uncut/assets/img/pizza/team/member-2.jpg]
[html.hixstudio.net/uncut-pv/uncut/assets/img/pizza/team/member-3.jpg]
[html.hixstudio.net/uncut-pv/uncut/assets/img/pizza/team/member-4.jpg]
[html.hixstudio.net/uncut-pv/uncut/assets/img/pizza/team/member-5.jpg]
[html.hixstudio.net/uncut-pv/uncut/assets/img/pizza/team/member-6.jpg]
[html.hixstudio.net/uncut-pv/uncut/assets/img/pizza/team/member-7.jpg]
[html.hixstudio.net/uncut-pv/uncut/assets/img/pizza/team/member-8.jpg]
[html.hixstudio.net/uncut-pv/uncut/pizza/team.html]
[html.hixstudio.net/uncut-pv/uncut/assets/img/pizza/francise/grean-leag.png]
[html.hixstudio.net/uncut-pv/uncut/assets/img/pizza/francise/pizza.png]
[html.hixstudio.net/uncut-pv/uncut/assets/img/pizza/francise/tomato-01.png]
[html.hixstudio.net/uncut-pv/uncut/assets/img/pizza/francise/red-chili.png]
[html.hixstudio.net/uncut-pv/uncut/assets/img/pizza/faq/streng.png]
[html.hixstudio.net/uncut-pv/uncut/assets/img/pizza/faq/demo-2.png]
[html.hixstudio.net/uncut-pv/uncut/pizza/francise.html]
[html.hixstudio.net/uncut-pv/uncut/assets/img/pizza/contact/girl-friend.jpg]
[html.hixstudio.net/uncut-pv/uncut/pizza/contact.html]
[html.hixstudio.net/uncut-pv/uncut/assets/img/lawyer/bradcrumb/bradcrumb.jpg]
[html.hixstudio.net/uncut-pv/uncut/assets/img/lawyer/counter/signature.png]
[html.hixstudio.net/uncut-pv/uncut/assets/img/lawyer/about/details/about.jpg]
[html.hixstudio.net/uncut-pv/uncut/assets/img/lawyer/about/details/about-2.jpg]
[html.hixstudio.net/uncut-pv/uncut/assets/img/lawyer/video/video.jpg]
[html.hixstudio.net/uncut-pv/uncut/lawyer/about.html]
[html.hixstudio.net/uncut-pv/uncut/assets/img/lawyer/bradcrumb/bradcrumb-4.jpg]
[html.hixstudio.net/uncut-pv/uncut/assets/img/lawyer/service/service-thumb.png]
[html.hixstudio.net/uncut-pv/uncut/assets/img/lawyer/service/service-thumb-2.png]
[html.hixstudio.net/uncut-pv/uncut/assets/img/lawyer/service/service-thumb-3.png]
[html.hixstudio.net/uncut-pv/uncut/assets/img/lawyer/service/service-thumb-4.png]
[html.hixstudio.net/uncut-pv/uncut/lawyer/service.html]
[html.hixstudio.net/uncut-pv/uncut/assets/img/lawyer/bradcrumb/bradcrumb-5.jpg]
[html.hixstudio.net/uncut-pv/uncut/assets/img/lawyer/blog/blog-details/avatar-4.png]
[html.hixstudio.net/uncut-pv/uncut/assets/img/lawyer/blog/sidebar/blog-sidebar.jpg]
[html.hixstudio.net/uncut-pv/uncut/lawyer/service-details.html]
[html.hixstudio.net/uncut-pv/uncut/assets/img/lawyer/bradcrumb/bradcrumb-6.jpg]
[html.hixstudio.net/uncut-pv/uncut/assets/img/lawyer/team/team-5.jpg]
[html.hixstudio.net/uncut-pv/uncut/assets/img/lawyer/team/team-6.jpg]
[html.hixstudio.net/uncut-pv/uncut/assets/img/lawyer/team/team-7.jpg]
[html.hixstudio.net/uncut-pv/uncut/assets/img/lawyer/team/team-8.jpg]
[html.hixstudio.net/uncut-pv/uncut/assets/img/lawyer/brands/logo.png]
[html.hixstudio.net/uncut-pv/uncut/assets/img/lawyer/brands/logo-2.png]
[html.hixstudio.net/uncut-pv/uncut/assets/img/lawyer/brands/logo-3.png]
[html.hixstudio.net/uncut-pv/uncut/assets/img/lawyer/brands/logo-4.png]
[html.hixstudio.net/uncut-pv/uncut/assets/img/lawyer/brands/logo-5.png]
[html.hixstudio.net/uncut-pv/uncut/lawyer/team.html]
[html.hixstudio.net/uncut-pv/uncut/assets/img/lawyer/bradcrumb/bradcrumb-7.jpg]
[html.hixstudio.net/uncut-pv/uncut/assets/img/lawyer/team/team-details/thumb.png]
[html.hixstudio.net/uncut-pv/uncut/assets/img/lawyer/team/team-details/awards-2.png]
[html.hixstudio.net/uncut-pv/uncut/assets/img/lawyer/team/team-details/awards-3.png]
[html.hixstudio.net/uncut-pv/uncut/assets/img/lawyer/team/team-details/awards-4.png]
[html.hixstudio.net/uncut-pv/uncut/assets/img/lawyer/team/team-details/awards.png]
[html.hixstudio.net/uncut-pv/uncut/lawyer/team-details.html]
[html.hixstudio.net/uncut-pv/uncut/assets/img/lawyer/bradcrumb/bradcrumb-8.jpg]
[html.hixstudio.net/uncut-pv/uncut/lawyer/blog.html]
[html.hixstudio.net/uncut-pv/uncut/assets/img/lawyer/bradcrumb/bradcrumb-2.jpg]
[html.hixstudio.net/uncut-pv/uncut/assets/img/lawyer/blog/avatar.png]
[html.hixstudio.net/uncut-pv/uncut/assets/img/lawyer/blog/blog-details/blog-thumb.jpg]
[html.hixstudio.net/uncut-pv/uncut/assets/img/lawyer/blog/blog-details/blog-thumb-2.jpg]
[html.hixstudio.net/uncut-pv/uncut/assets/img/lawyer/blog/blog-details/blog-thumb-3.jpg]
[html.hixstudio.net/uncut-pv/uncut/assets/img/lawyer/blog/blog-details/avatar.png]
[html.hixstudio.net/uncut-pv/uncut/assets/img/lawyer/blog/blog-details/avatar-2.png]
[html.hixstudio.net/uncut-pv/uncut/assets/img/lawyer/blog/blog-details/avatar-3.png]
[html.hixstudio.net/uncut-pv/uncut/lawyer/blog-details.html]
[html.hixstudio.net/uncut-pv/uncut/assets/img/lawyer/bradcrumb/bradcrumb-3.jpg]
[html.hixstudio.net/uncut-pv/uncut/assets/img/lawyer/contact/flag.png]
[html.hixstudio.net/uncut-pv/uncut/assets/img/lawyer/contact/flag-2.png]
[html.hixstudio.net/uncut-pv/uncut/assets/img/lawyer/contact/flag-3.png]
[html.hixstudio.net/uncut-pv/uncut/lawyer/contact.html]
[html.hixstudio.net/uncut-pv/uncut/assets/img/charity/breadcrumb/bg.jpg]
[html.hixstudio.net/uncut-pv/uncut/assets/img/charity/breadcrumb/shape.png]
[html.hixstudio.net/uncut-pv/uncut/assets/img/charity/breadcrumb/wood.png]
[html.hixstudio.net/uncut-pv/uncut/assets/img/charity/breadcrumb/thumb.png]
[html.hixstudio.net/uncut-pv/uncut/assets/img/charity/about/thumb-4.jpg]
[html.hixstudio.net/uncut-pv/uncut/assets/img/charity/about/thumb-3.jpg]
[html.hixstudio.net/uncut-pv/uncut/assets/img/charity/about/thumb-2.jpg]
[html.hixstudio.net/uncut-pv/uncut/assets/img/charity/service/service-2/program.jpg]
[html.hixstudio.net/uncut-pv/uncut/assets/img/charity/service/service-2/vector.png]
[html.hixstudio.net/uncut-pv/uncut/assets/img/charity/service/service-2/program-2.jpg]
[html.hixstudio.net/uncut-pv/uncut/assets/img/charity/service/service-2/program-3.jpg]
[html.hixstudio.net/uncut-pv/uncut/assets/img/charity/service/service-2/program-4.jpg]
[html.hixstudio.net/uncut-pv/uncut/assets/img/charity/video/thumb.jpg]
[html.hixstudio.net/uncut-pv/uncut/charity/about.html]
[html.hixstudio.net/uncut-pv/uncut/assets/img/charity/breadcrumb/thumb-2.png]
[html.hixstudio.net/uncut-pv/uncut/assets/img/charity/service/thumb-4.jpg]
[html.hixstudio.net/uncut-pv/uncut/assets/img/charity/service/thumb-5.jpg]
[html.hixstudio.net/uncut-pv/uncut/assets/img/charity/service/thumb-6.jpg]
[html.hixstudio.net/uncut-pv/uncut/charity/causes.html]
[html.hixstudio.net/uncut-pv/uncut/assets/img/charity/breadcrumb/thumb-3.png]
[html.hixstudio.net/uncut-pv/uncut/assets/img/charity/gallery/gallery.jpg]
[html.hixstudio.net/uncut-pv/uncut/assets/img/charity/gallery/gallery-2.jpg]
[html.hixstudio.net/uncut-pv/uncut/assets/img/charity/gallery/gallery-3.jpg]
[html.hixstudio.net/uncut-pv/uncut/assets/img/charity/gallery/gallery-4.jpg]
[html.hixstudio.net/uncut-pv/uncut/assets/img/charity/gallery/gallery-5.jpg]
[html.hixstudio.net/uncut-pv/uncut/assets/img/charity/gallery/gallery-6.jpg]
[html.hixstudio.net/uncut-pv/uncut/assets/img/charity/gallery/gallery-7.jpg]
[html.hixstudio.net/uncut-pv/uncut/assets/img/charity/gallery/gallery-8.jpg]
[html.hixstudio.net/uncut-pv/uncut/assets/img/charity/gallery/gallery-9.jpg]
[html.hixstudio.net/uncut-pv/uncut/charity/gallery.html]
[html.hixstudio.net/uncut-pv/uncut/assets/img/charity/breadcrumb/thumb-4.png]
[html.hixstudio.net/uncut-pv/uncut/charity/team.html]
[html.hixstudio.net/uncut-pv/uncut/assets/img/charity/breadcrumb/thumb-5.png]
[html.hixstudio.net/uncut-pv/uncut/assets/img/charity/about/thumb-5.jpg]
[html.hixstudio.net/uncut-pv/uncut/assets/img/charity/blog/thumb-4.jpg]
[html.hixstudio.net/uncut-pv/uncut/assets/img/charity/blog/thumb-5.jpg]
[html.hixstudio.net/uncut-pv/uncut/assets/img/charity/blog/thumb-6.jpg]
[html.hixstudio.net/uncut-pv/uncut/charity/blog.html]
[html.hixstudio.net/uncut-pv/uncut/assets/img/charity/breadcrumb/thumb-6.png]
[html.hixstudio.net/uncut-pv/uncut/assets/img/charity/blog/details/banner.jpg]
[html.hixstudio.net/uncut-pv/uncut/assets/img/charity/blog/details/banner-2.jpg]
[html.hixstudio.net/uncut-pv/uncut/assets/img/charity/blog/details/banner-3.jpg]
[html.hixstudio.net/uncut-pv/uncut/charity/blog-details.html]
[html.hixstudio.net/uncut-pv/uncut/assets/img/charity/contact/shape-3.png]
[html.hixstudio.net/uncut-pv/uncut/assets/img/charity/contact/thumb.png]
[html.hixstudio.net/uncut-pv/uncut/assets/img/charity/contact/shape.png]
[html.hixstudio.net/uncut-pv/uncut/assets/img/charity/contact/heart.png]
[html.hixstudio.net/uncut-pv/uncut/assets/img/charity/contact/thumb.jpg]
[html.hixstudio.net/uncut-pv/uncut/charity/contact.html]
[html.hixstudio.net/uncut-pv/uncut/assets/img/it-solution/breadcrumb/breadcam.jpg]
[html.hixstudio.net/uncut-pv/uncut/assets/img/it-solution/about/thumb-3.jpg]
[html.hixstudio.net/uncut-pv/uncut/assets/img/it-solution/about/thumb-4.jpg]
[html.hixstudio.net/uncut-pv/uncut/assets/img/it-solution/portfolio/slider/portfolio.jpg]
[html.hixstudio.net/uncut-pv/uncut/assets/img/it-solution/portfolio/slider/portfolio-2.jpg]
[html.hixstudio.net/uncut-pv/uncut/assets/img/it-solution/portfolio/slider/portfolio-3.jpg]
[html.hixstudio.net/uncut-pv/uncut/assets/img/it-solution/team/team.jpg]
[html.hixstudio.net/uncut-pv/uncut/assets/img/it-solution/team/team-2.jpg]
[html.hixstudio.net/uncut-pv/uncut/assets/img/it-solution/team/team-3.jpg]
[html.hixstudio.net/uncut-pv/uncut/assets/img/it-solution/team/team-4.jpg]
[html.hixstudio.net/uncut-pv/uncut/it-solution/about.html]
[html.hixstudio.net/uncut-pv/uncut/assets/img/it-solution/breadcrumb/breadcam-4.jpg]
[html.hixstudio.net/uncut-pv/uncut/assets/img/it-solution/portfolio/portfolio-5.jpg]
[html.hixstudio.net/uncut-pv/uncut/assets/img/it-solution/portfolio/portfolio-6.jpg]
[html.hixstudio.net/uncut-pv/uncut/assets/img/it-solution/portfolio/portfolio-7.jpg]
[html.hixstudio.net/uncut-pv/uncut/assets/img/it-solution/portfolio/portfolio-8.jpg]
[html.hixstudio.net/uncut-pv/uncut/assets/img/it-solution/portfolio/portfolio-9.jpg]
[html.hixstudio.net/uncut-pv/uncut/it-solution/portfolio.html]
[html.hixstudio.net/uncut-pv/uncut/assets/img/it-solution/breadcrumb/breadcam-5.jpg]
[html.hixstudio.net/uncut-pv/uncut/assets/img/it-solution/breadcrumb/shape.png]
[html.hixstudio.net/uncut-pv/uncut/assets/img/it-solution/apps/apps-1.png]
[html.hixstudio.net/uncut-pv/uncut/assets/img/it-solution/apps/apps-2.png]
[html.hixstudio.net/uncut-pv/uncut/assets/img/it-solution/apps/apps-3.png]
[html.hixstudio.net/uncut-pv/uncut/assets/img/it-solution/apps/apps-4.png]
[html.hixstudio.net/uncut-pv/uncut/assets/img/it-solution/apps/apps-5.png]
[html.hixstudio.net/uncut-pv/uncut/assets/img/it-solution/card/card.png]
[html.hixstudio.net/uncut-pv/uncut/it-solution/portfolio-details.html]
[html.hixstudio.net/uncut-pv/uncut/assets/img/it-solution/breadcrumb/breadcam-2.jpg]
[html.hixstudio.net/uncut-pv/uncut/assets/img/it-solution/service/service-1.jpg]
[html.hixstudio.net/uncut-pv/uncut/assets/img/it-solution/service/service-2.jpg]
[html.hixstudio.net/uncut-pv/uncut/assets/img/it-solution/service/service-3.jpg]
[html.hixstudio.net/uncut-pv/uncut/assets/img/it-solution/service/service-4.jpg]
[html.hixstudio.net/uncut-pv/uncut/assets/img/it-solution/service/service-5.jpg]
[html.hixstudio.net/uncut-pv/uncut/assets/img/it-solution/service/service-6.jpg]
[html.hixstudio.net/uncut-pv/uncut/it-solution/service.html]
[html.hixstudio.net/uncut-pv/uncut/assets/img/it-solution/breadcrumb/breadcam-3.jpg]
[html.hixstudio.net/uncut-pv/uncut/assets/img/it-solution/service/call.png]
[html.hixstudio.net/uncut-pv/uncut/assets/img/it-solution/service/service-details.jpg]
[html.hixstudio.net/uncut-pv/uncut/assets/img/it-solution/service/service-details-2.jpg]
[html.hixstudio.net/uncut-pv/uncut/it-solution/service-details.html]
[html.hixstudio.net/uncut-pv/uncut/assets/img/it-solution/blog/blog-4.jpg]
[html.hixstudio.net/uncut-pv/uncut/assets/img/it-solution/blog/avatar.png]
[html.hixstudio.net/uncut-pv/uncut/assets/img/it-solution/blog/blog-5.jpg]
[html.hixstudio.net/uncut-pv/uncut/assets/img/it-solution/blog/avatar-2.png]
[html.hixstudio.net/uncut-pv/uncut/assets/img/it-solution/blog/blog-6.jpg]
[html.hixstudio.net/uncut-pv/uncut/assets/img/it-solution/blog/avatar-4.png]
[html.hixstudio.net/uncut-pv/uncut/assets/img/it-solution/blog/blog-7.jpg]
[html.hixstudio.net/uncut-pv/uncut/assets/img/it-solution/blog/avatar-5.png]
[html.hixstudio.net/uncut-pv/uncut/assets/img/it-solution/blog/blog-8.jpg]
[html.hixstudio.net/uncut-pv/uncut/assets/img/it-solution/blog/blog-9.jpg]
[html.hixstudio.net/uncut-pv/uncut/assets/img/it-solution/blog/avatar-6.png]
[html.hixstudio.net/uncut-pv/uncut/it-solution/blog.html]
[html.hixstudio.net/uncut-pv/uncut/assets/img/it-solution/blog/details-thumb.jpg]
[html.hixstudio.net/uncut-pv/uncut/assets/img/it-solution/blog/details/details.jpg]
[html.hixstudio.net/uncut-pv/uncut/it-solution/blog-details.html]
[html.hixstudio.net/uncut-pv/uncut/it-solution/contact.html]
[html.hixstudio.net/uncut-pv/uncut/assets/img/digital/hero/about/shape.png]
[html.hixstudio.net/uncut-pv/uncut/assets/img/digital/hero/about/shape-4.png]
[html.hixstudio.net/uncut-pv/uncut/assets/img/digital/hero/about/shape-2.png]
[html.hixstudio.net/uncut-pv/uncut/assets/img/digital/hero/about/shape-3.png]
[html.hixstudio.net/uncut-pv/uncut/assets/img/digital/hero/about/shape-5.png]
[html.hixstudio.net/uncut-pv/uncut/assets/img/digital/about/shape-2.jpg]
[html.hixstudio.net/uncut-pv/uncut/assets/img/digital/provide/shape-3.png]
[html.hixstudio.net/uncut-pv/uncut/assets/img/digital/provide/shape-2.png]
[html.hixstudio.net/uncut-pv/uncut/digital/about.html]
[html.hixstudio.net/uncut-pv/uncut/assets/img/digital/hero/service/shape.png]
[html.hixstudio.net/uncut-pv/uncut/assets/img/digital/hero/service/service.png]
[html.hixstudio.net/uncut-pv/uncut/assets/img/digital/hero/service/service-2.jpg]
[html.hixstudio.net/uncut-pv/uncut/assets/img/digital/hero/service/service-3.png]
[html.hixstudio.net/uncut-pv/uncut/assets/img/digital/provide/shape.png]
[html.hixstudio.net/uncut-pv/uncut/assets/img/digital/provide/shape-5.png]
[html.hixstudio.net/uncut-pv/uncut/assets/img/digital/provide/shape-4.png]
[html.hixstudio.net/uncut-pv/uncut/digital/service.html]
[html.hixstudio.net/uncut-pv/uncut/assets/img/digital/bradcrumb/shape.png]
[html.hixstudio.net/uncut-pv/uncut/assets/img/digital/service/details/thumb.jpg]
[html.hixstudio.net/uncut-pv/uncut/assets/img/digital/service/details/shape.png]
[html.hixstudio.net/uncut-pv/uncut/assets/img/digital/service/details/shape-2.png]
[html.hixstudio.net/uncut-pv/uncut/digital/service-details.html]
[html.hixstudio.net/uncut-pv/uncut/assets/img/digital/bradcrumb/shape-2.png]
[html.hixstudio.net/uncut-pv/uncut/assets/img/digital/bradcrumb/shape-3.png]
[html.hixstudio.net/uncut-pv/uncut/assets/img/digital/portfolio/details/portfolio.jpg]
[html.hixstudio.net/uncut-pv/uncut/assets/img/digital/portfolio/details/portfolio-2.jpg]
[html.hixstudio.net/uncut-pv/uncut/assets/img/digital/portfolio/details/portfolio-3.jpg]
[html.hixstudio.net/uncut-pv/uncut/assets/img/digital/portfolio/details/portfolio-4.jpg]
[html.hixstudio.net/uncut-pv/uncut/assets/img/digital/portfolio/details/portfolio-5.jpg]
[html.hixstudio.net/uncut-pv/uncut/assets/img/digital/portfolio/details/portfolio-6.jpg]
[html.hixstudio.net/uncut-pv/uncut/digital/portfolio.html]
[html.hixstudio.net/uncut-pv/uncut/assets/img/digital/hero/shape.png]
[html.hixstudio.net/uncut-pv/uncut/assets/img/digital/portfolio/details/portfolio-slider.jpg]
[html.hixstudio.net/uncut-pv/uncut/assets/img/digital/portfolio/details/portfolio-slider-2.jpg]
[html.hixstudio.net/uncut-pv/uncut/assets/img/digital/portfolio/details/portfolio-slider-3.jpg]
[html.hixstudio.net/uncut-pv/uncut/assets/img/digital/portfolio/details/portfolio-8.jpg]
[html.hixstudio.net/uncut-pv/uncut/assets/img/digital/portfolio/details/portfolio-7.jpg]
[html.hixstudio.net/uncut-pv/uncut/digital/portfolio-details.html]
[html.hixstudio.net/uncut-pv/uncut/assets/img/digital/hero/price/shape-2.png]
[html.hixstudio.net/uncut-pv/uncut/assets/img/digital/hero/price/shape-1.png]
[html.hixstudio.net/uncut-pv/uncut/digital/pricing.html]
[html.hixstudio.net/uncut-pv/uncut/assets/img/digital/bradcrumb/shape-4.png]
[html.hixstudio.net/uncut-pv/uncut/assets/img/digital/bradcrumb/shape-5.png]
[html.hixstudio.net/uncut-pv/uncut/assets/img/digital/team/team-2.jpg]
[html.hixstudio.net/uncut-pv/uncut/assets/img/digital/team/team-1.jpg]
[html.hixstudio.net/uncut-pv/uncut/assets/img/digital/team/team-3.jpg]
[html.hixstudio.net/uncut-pv/uncut/assets/img/digital/team/team-4.jpg]
[html.hixstudio.net/uncut-pv/uncut/assets/img/digital/team/team-5.jpg]
[html.hixstudio.net/uncut-pv/uncut/assets/img/digital/team/team-6.jpg]
[html.hixstudio.net/uncut-pv/uncut/assets/img/digital/team/team-7.jpg]
[html.hixstudio.net/uncut-pv/uncut/assets/img/digital/team/team-8.jpg]
[html.hixstudio.net/uncut-pv/uncut/digital/team.html]
[html.hixstudio.net/uncut-pv/uncut/assets/img/digital/contact/thumb.jpg]
[html.hixstudio.net/uncut-pv/uncut/assets/img/digital/contact/thumb-2.jpg]
[html.hixstudio.net/uncut-pv/uncut/assets/img/digital/contact/thumb-3.jpg]
[html.hixstudio.net/uncut-pv/uncut/assets/img/digital/contact/shape.png]
[html.hixstudio.net/uncut-pv/uncut/digital/contact.html]
[html.hixstudio.net/uncut-pv/uncut/assets/img/portfolio-carousel/portfolio/thumb.jpg]
[html.hixstudio.net/uncut-pv/uncut/assets/img/portfolio-carousel/portfolio/thumb-2.jpg]
[html.hixstudio.net/uncut-pv/uncut/assets/img/portfolio-carousel/portfolio/thumb-3.jpg]
[html.hixstudio.net/uncut-pv/uncut/assets/img/portfolio-carousel/portfolio/thumb-4.jpg]
[html.hixstudio.net/uncut-pv/uncut/assets/img/portfolio-carousel/portfolio/thumb-5.jpg]
[html.hixstudio.net/uncut-pv/uncut/assets/img/portfolio-carousel/portfolio/thumb-6.jpg]
[html.hixstudio.net/uncut-pv/uncut/assets/img/portfolio-carousel/portfolio/thumb-7.jpg]
[html.hixstudio.net/uncut-pv/uncut/assets/img/portfolio-carousel/portfolio/thumb-8.jpg]
[html.hixstudio.net/uncut-pv/uncut/assets/img/portfolio-carousel/portfolio/thumb-9.jpg]
[html.hixstudio.net/uncut-pv/uncut/portfolio-carousel/portfolio.html]
[html.hixstudio.net/uncut-pv/uncut/portfolio-carousel/portfolio-details.html]
[html.hixstudio.net/uncut-pv/uncut/portfolio-carousel/contact.html]
[html.hixstudio.net/uncut-pv/e.html]
[html.hixstudio.net/uncut-pv/a.params.html]
[html.hixstudio.net/uncut-pv/uncut/assets/fonts/fa-duotone-900.html]
[html.hixstudio.net/uncut-pv/uncut/assets/fonts/fa-duotone-901.html]
[html.hixstudio.net/uncut-pv/uncut/assets/fonts/fa-thin-100.html]
[html.hixstudio.net/uncut-pv/uncut/assets/fonts/fa-thin-101.html]
[html.hixstudio.net/uncut-pv/uncut/assets/fonts/fa-v4compatibility.html]
[html.hixstudio.net/uncut-pv/uncut/assets/fonts/fa-v4compatibility-2.html]
[html.hixstudio.net/uncut-pv/uncut/medical/e.html]
[html.hixstudio.net/uncut-pv/uncut/medical/a.params.html]
[html.hixstudio.net/uncut-pv/uncut/beauti-salon/+(1)2246767430.html]
